# This is the CMakeCache file.
# For build in directory: c:/Users/19697/Documents/KeygenSDK/KeygenSDK/build-vs/vcpkg_installed/vcpkg/blds/curl/x64-windows-rel
# It was generated by CMake: C:/Users/19697/AppData/Local/vcpkg/downloads/tools/cmake-4.3.2-windows/cmake-4.3.2-windows-x86_64/bin/cmake.exe
# You can edit this file to change values found and used by cmake.
# If you do not want to change any of the values, simply exit the editor.
# If you do want to change a value, simply edit, save, and exit the editor.
# The syntax for the file is as follows:
# KEY:TYPE=VALUE
# KEY is the name of a variable in the cache.
# TYPE is a hint to GUIs for the type of VALUE, DO NOT EDIT TYPE!.
# VALUE is the current value for the KEY.

########################
# EXTERNAL cache entries
########################

//Build curl executable
BUILD_CURL_EXE:BOOL=OFF

//Build libcurl examples
BUILD_EXAMPLES:BOOL=ON

//Build libcurl man pages
BUILD_LIBCURL_DOCS:BOOL=ON

//Build misc man pages (e.g. curl-config and mk-ca-bundle)
BUILD_MISC_DOCS:BOOL=ON

//Build shared libraries
BUILD_SHARED_LIBS:BOOL=ON

//Build curl executable with static libcurl
BUILD_STATIC_CURL:BOOL=OFF

//Build static libraries
BUILD_STATIC_LIBS:BOOL=OFF

//Build tests
BUILD_TESTING:BOOL=OFF

//Path to a program.
CMAKE_AR:FILEPATH=C:/Program Files/Microsoft Visual Studio/18/Community/VC/Tools/MSVC/14.51.36231/bin/Hostx64/x64/lib.exe

//Choose the type of build, options are: None Debug Release RelWithDebInfo
// MinSizeRel ...
CMAKE_BUILD_TYPE:STRING=Release

CMAKE_CROSSCOMPILING:STRING=OFF

CMAKE_CXX_FLAGS:STRING=' /nologo /DWIN32 /D_WINDOWS /utf-8 /GR /EHsc /MP '

CMAKE_CXX_FLAGS_DEBUG:STRING='/MDd /Z7 /Ob0 /Od /RTC1 '

CMAKE_CXX_FLAGS_RELEASE:STRING='/MD /O2 /Oi /Gy /DNDEBUG /Z7 '

//C compiler
CMAKE_C_COMPILER:FILEPATH=C:/Program Files/Microsoft Visual Studio/18/Community/VC/Tools/MSVC/14.51.36231/bin/Hostx64/x64/cl.exe

CMAKE_C_FLAGS:STRING=' /nologo /DWIN32 /D_WINDOWS /utf-8 /MP '

CMAKE_C_FLAGS_DEBUG:STRING='/MDd /Z7 /Ob0 /Od /RTC1 '

//Flags used by the C compiler during MINSIZEREL builds.
CMAKE_C_FLAGS_MINSIZEREL:STRING=/O1 /Ob1 /DNDEBUG

CMAKE_C_FLAGS_RELEASE:STRING='/MD /O2 /Oi /Gy /DNDEBUG /Z7 '

//Flags used by the C compiler during RELWITHDEBINFO builds.
CMAKE_C_FLAGS_RELWITHDEBINFO:STRING=/Zi /O2 /Ob1 /DNDEBUG

//Libraries linked by default with all C applications.
CMAKE_C_STANDARD_LIBRARIES:STRING=kernel32.lib user32.lib gdi32.lib winspool.lib shell32.lib ole32.lib oleaut32.lib uuid.lib comdlg32.lib advapi32.lib

//No help, variable specified on the command line.
CMAKE_DISABLE_FIND_PACKAGE_Perl:UNINITIALIZED=ON

//No help, variable specified on the command line.
CMAKE_ERROR_ON_ABSOLUTE_INSTALL_DESTINATION:UNINITIALIZED=ON

//Flags used by the linker during all build types.
CMAKE_EXE_LINKER_FLAGS:STRING=/machine:x64

//Flags used by the linker during DEBUG builds.
CMAKE_EXE_LINKER_FLAGS_DEBUG:STRING=/nologo    /debug /INCREMENTAL

//Flags used by the linker during MINSIZEREL builds.
CMAKE_EXE_LINKER_FLAGS_MINSIZEREL:STRING=/INCREMENTAL:NO

CMAKE_EXE_LINKER_FLAGS_RELEASE:STRING='/nologo /DEBUG /INCREMENTAL:NO /OPT:REF /OPT:ICF  '

//Flags used by the linker during RELWITHDEBINFO builds.
CMAKE_EXE_LINKER_FLAGS_RELWITHDEBINFO:STRING=/debug /INCREMENTAL

//Enable/Disable output of build database during the build.
CMAKE_EXPORT_BUILD_DATABASE:BOOL=

//Enable/Disable output of compile commands during generation.
CMAKE_EXPORT_COMPILE_COMMANDS:BOOL=

//No help, variable specified on the command line.
CMAKE_EXPORT_NO_PACKAGE_REGISTRY:UNINITIALIZED=ON

//No help, variable specified on the command line.
CMAKE_FIND_PACKAGE_NO_PACKAGE_REGISTRY:UNINITIALIZED=ON

//No help, variable specified on the command line.
CMAKE_FIND_PACKAGE_NO_SYSTEM_PACKAGE_REGISTRY:UNINITIALIZED=ON

//Value Computed by CMake.
CMAKE_FIND_PACKAGE_REDIRECTS_DIR:STATIC=C:/Users/19697/Documents/KeygenSDK/KeygenSDK/build-vs/vcpkg_installed/vcpkg/blds/curl/x64-windows-rel/CMakeFiles/pkgRedirects

//No help, variable specified on the command line.
CMAKE_INSTALL_BINDIR:STRING=bin

//Read-only architecture-independent data (DATAROOTDIR)
CMAKE_INSTALL_DATADIR:PATH=

//Read-only architecture-independent data root (share)
CMAKE_INSTALL_DATAROOTDIR:PATH=share

//Documentation root (DATAROOTDIR/doc/PROJECT_NAME)
CMAKE_INSTALL_DOCDIR:PATH=

//C header files (include)
CMAKE_INSTALL_INCLUDEDIR:PATH=include

//Info documentation (DATAROOTDIR/info)
CMAKE_INSTALL_INFODIR:PATH=

//No help, variable specified on the command line.
CMAKE_INSTALL_LIBDIR:STRING=lib

//Program executables (libexec)
CMAKE_INSTALL_LIBEXECDIR:PATH=libexec

//Locale-dependent data (DATAROOTDIR/locale)
CMAKE_INSTALL_LOCALEDIR:PATH=

//Modifiable single-machine data (var)
CMAKE_INSTALL_LOCALSTATEDIR:PATH=var

//Man documentation (DATAROOTDIR/man)
CMAKE_INSTALL_MANDIR:PATH=

//C header files for non-gcc (/usr/include)
CMAKE_INSTALL_OLDINCLUDEDIR:PATH=/usr/include

//Install path prefix, prepended onto install directories.
CMAKE_INSTALL_PREFIX:PATH=C:/Users/19697/Documents/KeygenSDK/KeygenSDK/build-vs/vcpkg_installed/vcpkg/pkgs/curl_x64-windows

//Run-time variable data (LOCALSTATEDIR/run)
CMAKE_INSTALL_RUNSTATEDIR:PATH=

//System admin executables (sbin)
CMAKE_INSTALL_SBINDIR:PATH=sbin

//Modifiable architecture-independent data (com)
CMAKE_INSTALL_SHAREDSTATEDIR:PATH=com

//Read-only single-machine data (etc)
CMAKE_INSTALL_SYSCONFDIR:PATH=etc

//No help, variable specified on the command line.
CMAKE_INSTALL_SYSTEM_RUNTIME_LIBS_SKIP:UNINITIALIZED=TRUE

//Path to a program.
CMAKE_LINKER:FILEPATH=C:/Program Files/Microsoft Visual Studio/18/Community/VC/Tools/MSVC/14.51.36231/bin/Hostx64/x64/link.exe

//No help, variable specified on the command line.
CMAKE_MAKE_PROGRAM:UNINITIALIZED=C:\Users\19697\AppData\Local\vcpkg\downloads\tools\ninja-1.13.2-windows\ninja.exe

//Flags used by the linker during the creation of modules during
// all build types.
CMAKE_MODULE_LINKER_FLAGS:STRING=/machine:x64

//Flags used by the linker during the creation of modules during
// DEBUG builds.
CMAKE_MODULE_LINKER_FLAGS_DEBUG:STRING=/nologo    /debug /INCREMENTAL

//Flags used by the linker during the creation of modules during
// MINSIZEREL builds.
CMAKE_MODULE_LINKER_FLAGS_MINSIZEREL:STRING=/INCREMENTAL:NO

CMAKE_MODULE_LINKER_FLAGS_RELEASE:STRING='/nologo /DEBUG /INCREMENTAL:NO /OPT:REF /OPT:ICF  '

//Flags used by the linker during the creation of modules during
// RELWITHDEBINFO builds.
CMAKE_MODULE_LINKER_FLAGS_RELWITHDEBINFO:STRING=/debug /INCREMENTAL

CMAKE_MSVC_RUNTIME_LIBRARY:STRING=MultiThreaded$<$<CONFIG:Debug>:Debug>$<$<STREQUAL:dynamic,dynamic>:DLL>

//Path to a program.
CMAKE_MT:FILEPATH=C:/Program Files (x86)/Windows Kits/10/bin/10.0.26100.0/x64/mt.exe

//Override policy version for cmake_minimum_required calls.
CMAKE_POLICY_VERSION_MINIMUM:STRING=3.5

//Value Computed by CMake
CMAKE_PROJECT_COMPAT_VERSION:STATIC=

//Value Computed by CMake
CMAKE_PROJECT_DESCRIPTION:STATIC=

//Value Computed by CMake
CMAKE_PROJECT_HOMEPAGE_URL:STATIC=

//No help, variable specified on the command line.
CMAKE_PROJECT_INCLUDE:UNINITIALIZED=C:/Users/19697/AppData/Local/vcpkg/registries/git-trees/c98fcb353dd325c97c5a0b70dfaf2378a372f86e/cmake-project-include.cmake

//Value Computed by CMake
CMAKE_PROJECT_NAME:STATIC=CURL

//Value Computed by CMake
CMAKE_PROJECT_SPDX_LICENSE:STATIC=

//Value Computed by CMake
CMAKE_PROJECT_VERSION:STATIC=8.21.0

//Value Computed by CMake
CMAKE_PROJECT_VERSION_MAJOR:STATIC=8

//Value Computed by CMake
CMAKE_PROJECT_VERSION_MINOR:STATIC=21

//Value Computed by CMake
CMAKE_PROJECT_VERSION_PATCH:STATIC=0

//Value Computed by CMake
CMAKE_PROJECT_VERSION_TWEAK:STATIC=

//RC compiler
CMAKE_RC_COMPILER:FILEPATH=C:/Program Files (x86)/Windows Kits/10/bin/10.0.26100.0/x64/rc.exe

CMAKE_RC_FLAGS:STRING=/c65001 /DWIN32

//Flags for Windows Resource Compiler during DEBUG builds.
CMAKE_RC_FLAGS_DEBUG:STRING=-D_DEBUG

//Flags for Windows Resource Compiler during MINSIZEREL builds.
CMAKE_RC_FLAGS_MINSIZEREL:STRING=

//Flags for Windows Resource Compiler during RELEASE builds.
CMAKE_RC_FLAGS_RELEASE:STRING=

//Flags for Windows Resource Compiler during RELWITHDEBINFO builds.
CMAKE_RC_FLAGS_RELWITHDEBINFO:STRING=

//Flags used by the linker during the creation of shared libraries
// during all build types.
CMAKE_SHARED_LINKER_FLAGS:STRING=/machine:x64

//Flags used by the linker during the creation of shared libraries
// during DEBUG builds.
CMAKE_SHARED_LINKER_FLAGS_DEBUG:STRING=/nologo    /debug /INCREMENTAL

//Flags used by the linker during the creation of shared libraries
// during MINSIZEREL builds.
CMAKE_SHARED_LINKER_FLAGS_MINSIZEREL:STRING=/INCREMENTAL:NO

CMAKE_SHARED_LINKER_FLAGS_RELEASE:STRING='/nologo /DEBUG /INCREMENTAL:NO /OPT:REF /OPT:ICF  '

//Flags used by the linker during the creation of shared libraries
// during RELWITHDEBINFO builds.
CMAKE_SHARED_LINKER_FLAGS_RELWITHDEBINFO:STRING=/debug /INCREMENTAL

//If set, runtime paths are not added when installing shared libraries,
// but are added when building.
CMAKE_SKIP_INSTALL_RPATH:BOOL=NO

//If set, runtime paths are not added when using shared libraries.
CMAKE_SKIP_RPATH:BOOL=NO

//Flags used by the archiver during the creation of static libraries
// during all build types.
CMAKE_STATIC_LINKER_FLAGS:STRING=/machine:x64

//Flags used by the archiver during the creation of static libraries
// during DEBUG builds.
CMAKE_STATIC_LINKER_FLAGS_DEBUG:STRING=/nologo

//Flags used by the archiver during the creation of static libraries
// during MINSIZEREL builds.
CMAKE_STATIC_LINKER_FLAGS_MINSIZEREL:STRING=

//Flags used by the archiver during the creation of static libraries
// during RELEASE builds.
CMAKE_STATIC_LINKER_FLAGS_RELEASE:STRING=/nologo

//Flags used by the archiver during the creation of static libraries
// during RELWITHDEBINFO builds.
CMAKE_STATIC_LINKER_FLAGS_RELWITHDEBINFO:STRING=

CMAKE_SYSTEM_NAME:STRING=Windows

CMAKE_SYSTEM_PROCESSOR:STRING=AMD64

CMAKE_SYSTEM_VERSION:STRING=10.0.26200

//The CMake toolchain file
CMAKE_TOOLCHAIN_FILE:FILEPATH=C:/Program Files/Microsoft Visual Studio/18/Community/VC/vcpkg/scripts/buildsystems/vcpkg.cmake

//If this value is on, makefiles will be generated without the
// .SILENT directive, and all commands will be echoed to the console
// during the make.  This is useful for debugging only. With Visual
// Studio IDE projects all commands are done without /nologo.
CMAKE_VERBOSE_MAKEFILE:BOOL=ON

//Enable to build 7-Zip source packages
CPACK_SOURCE_7Z:BOOL=ON

//Enable to build ZIP source packages
CPACK_SOURCE_ZIP:BOOL=ON

//Value Computed by CMake
CURL_BINARY_DIR:STATIC=C:/Users/19697/Documents/KeygenSDK/KeygenSDK/build-vs/vcpkg_installed/vcpkg/blds/curl/x64-windows-rel

//Build curl with brotli support (AUTO, ON or OFF)
CURL_BROTLI:STRING=OFF

//Build optional build targets (examples, tests) by default
CURL_BUILD_EVERYTHING:BOOL=OFF

//No help, variable specified on the command line.
CURL_CA_FALLBACK:UNINITIALIZED=OFF

//Use native CA store
CURL_CA_NATIVE:BOOL=OFF

//Enable safe CA bundle search (within the curl tool directory)
// on Windows
CURL_CA_SEARCH_SAFE:BOOL=OFF

//Run the build through clang-tidy
CURL_CLANG_TIDY:BOOL=OFF

//Enable code coverage build options
CURL_CODE_COVERAGE:BOOL=OFF

//Debug curl_global_init_mem
CURL_DEBUG_GLOBAL_MEM:BOOL=OFF

//Disable alt-svc support
CURL_DISABLE_ALTSVC:BOOL=OFF

//Disable aws-sigv4
CURL_DISABLE_AWS:BOOL=OFF

//Disable Basic authentication
CURL_DISABLE_BASIC_AUTH:BOOL=OFF

//Disable Bearer authentication
CURL_DISABLE_BEARER_AUTH:BOOL=OFF

//Disable local binding support
CURL_DISABLE_BINDLOCAL:BOOL=OFF

//Disable unsafe CA bundle search in PATH on Windows
CURL_DISABLE_CA_SEARCH:BOOL=OFF

//Disable cookies support
CURL_DISABLE_COOKIES:BOOL=OFF

//Disable DICT
CURL_DISABLE_DICT:BOOL=OFF

//Disable Digest authentication
CURL_DISABLE_DIGEST_AUTH:BOOL=OFF

//Disable DNS-over-HTTPS
CURL_DISABLE_DOH:BOOL=OFF

//Disable FILE
CURL_DISABLE_FILE:BOOL=OFF

//Disable form-api
CURL_DISABLE_FORM_API:BOOL=OFF

//Disable FTP
CURL_DISABLE_FTP:BOOL=OFF

//Disable curl_easy_options API for existing options to curl_easy_setopt
CURL_DISABLE_GETOPTIONS:BOOL=OFF

//Disable Gopher
CURL_DISABLE_GOPHER:BOOL=OFF

//Disable headers-api support
CURL_DISABLE_HEADERS_API:BOOL=OFF

//Disable HSTS support
CURL_DISABLE_HSTS:BOOL=OFF

//Disable HTTP
CURL_DISABLE_HTTP:BOOL=OFF

//Disable all HTTP authentication methods
CURL_DISABLE_HTTP_AUTH:BOOL=OFF

//Disable IMAP
CURL_DISABLE_IMAP:BOOL=OFF

//Disable installation targets
CURL_DISABLE_INSTALL:BOOL=OFF

//Disable IPFS
CURL_DISABLE_IPFS:BOOL=OFF

//Disable Kerberos authentication
CURL_DISABLE_KERBEROS_AUTH:BOOL=OFF

//Disable LDAP
CURL_DISABLE_LDAP:BOOL=ON

//Disable LDAPS
CURL_DISABLE_LDAPS:BOOL=ON

//Disable --libcurl option from the curl tool
CURL_DISABLE_LIBCURL_OPTION:BOOL=OFF

//Disable MIME support
CURL_DISABLE_MIME:BOOL=OFF

//Disable MQTT
CURL_DISABLE_MQTT:BOOL=OFF

//Disable negotiate authentication
CURL_DISABLE_NEGOTIATE_AUTH:BOOL=OFF

//Disable netrc parser
CURL_DISABLE_NETRC:BOOL=OFF

//Disable automatic loading of OpenSSL configuration
CURL_DISABLE_OPENSSL_AUTO_LOAD_CONFIG:BOOL=OFF

//Disable date parsing
CURL_DISABLE_PARSEDATE:BOOL=OFF

//Disable POP3
CURL_DISABLE_POP3:BOOL=OFF

//Disable built-in progress meter
CURL_DISABLE_PROGRESS_METER:BOOL=OFF

//Disable proxy support
CURL_DISABLE_PROXY:BOOL=OFF

//Disable RTSP
CURL_DISABLE_RTSP:BOOL=OFF

//Disable SHA-512/256 hash algorithm
CURL_DISABLE_SHA512_256:BOOL=OFF

//Disable shuffle DNS feature
CURL_DISABLE_SHUFFLE_DNS:BOOL=OFF

//Disable SMTP
CURL_DISABLE_SMTP:BOOL=OFF

//Disable use of socketpair for curl_multi_poll()
CURL_DISABLE_SOCKETPAIR:BOOL=OFF

//Disable TLS-SRP support
CURL_DISABLE_SRP:BOOL=OFF

//Disable Telnet
CURL_DISABLE_TELNET:BOOL=OFF

//Disable TFTP
CURL_DISABLE_TFTP:BOOL=OFF

//Disable curl_easy_setopt()/curl_easy_getinfo() type checking
CURL_DISABLE_TYPECHECK:BOOL=OFF

//Disable verbose strings
CURL_DISABLE_VERBOSE_STRINGS:BOOL=OFF

//Disable WebSocket
CURL_DISABLE_WEBSOCKETS:BOOL=ON

//Drop unused code and data from built binaries
CURL_DROP_UNUSED:BOOL=OFF

//Enable CMake export target
CURL_ENABLE_EXPORT_TARGET:BOOL=ON

//Enable NTLM support
CURL_ENABLE_NTLM:BOOL=OFF

//Enable SMB
CURL_ENABLE_SMB:BOOL=OFF

//Enable SSL support
CURL_ENABLE_SSL:BOOL=ON

//Enable GCC --analyzer option
CURL_GCC_ANALYZER:BOOL=OFF

//Hide libcurl internal symbols (=hide all symbols that are not
// officially external)
CURL_HIDDEN_SYMBOLS:BOOL=ON

//Value Computed by CMake
CURL_IS_TOP_LEVEL:STATIC=ON

//Enable libcurl SOVERSION
CURL_LIBCURL_SOVERSION:BOOL=OFF

//Enable libcurl versioned symbols
CURL_LIBCURL_VERSIONED_SYMBOLS:BOOL=OFF

//Run lint checks while building
CURL_LINT:BOOL=OFF

//Enable compiler Link Time Optimizations
CURL_LTO:BOOL=OFF

//Value Computed by CMake
CURL_SOURCE_DIR:STATIC=C:/Users/19697/Documents/KeygenSDK/KeygenSDK/build-vs/vcpkg_installed/vcpkg/blds/curl/src/url-8_21_0-3ffa9f46b7.clean

//Build libcurl with static CRT with MSVC (/MT)
CURL_STATIC_CRT:BOOL=OFF

//Minimum target Windows version as hex string
CURL_TARGET_WINDOWS_VERSION:STRING=

//Enable detecting dependencies via CMake Config
CURL_USE_CMAKECONFIG:BOOL=ON

//Enable GnuTLS for SSL/TLS
CURL_USE_GNUTLS:BOOL=OFF

//Use libgsasl
CURL_USE_GSASL:BOOL=OFF

//Use GSSAPI implementation
CURL_USE_GSSAPI:BOOL=OFF

//Use libbacktrace. Requires debug-enabled build and DWARF debug
// information.
CURL_USE_LIBBACKTRACE:BOOL=OFF

//Use libpsl
CURL_USE_LIBPSL:BOOL=OFF

//Use libssh
CURL_USE_LIBSSH:BOOL=OFF

//Use libssh2
CURL_USE_LIBSSH2:BOOL=OFF

//Use libuv for event-based tests
CURL_USE_LIBUV:BOOL=OFF

//Enable mbedTLS for SSL/TLS
CURL_USE_MBEDTLS:BOOL=OFF

//Enable OpenSSL for SSL/TLS
CURL_USE_OPENSSL:BOOL=OFF

//Enable pkg-config to detect dependencies
CURL_USE_PKGCONFIG:BOOL=ON

//Enable Rustls for SSL/TLS (experimental)
CURL_USE_RUSTLS:BOOL=OFF

//Enable Windows native SSL/TLS (Schannel)
CURL_USE_SCHANNEL:BOOL=ON

//Enable wolfSSL for SSL/TLS
CURL_USE_WOLFSSL:BOOL=OFF

//Turn compiler warnings into errors
CURL_WERROR:BOOL=OFF

//Enable SSPI on Windows
CURL_WINDOWS_SSPI:BOOL=ON

//Build curl with ZLIB support (AUTO, ON or OFF)
CURL_ZLIB:STRING=AUTO

//Build curl with zstd support (AUTO, ON or OFF)
CURL_ZSTD:STRING=OFF

//Enable c-ares support
ENABLE_ARES:BOOL=OFF

//Build the man page for curl and enable its -M/--manual option
ENABLE_CURL_MANUAL:BOOL=OFF

//Enable curl debug features (for developing curl itself)
ENABLE_DEBUG:BOOL=OFF

//Enable IPv6 support
ENABLE_IPV6:BOOL=ON

//Enable threaded DNS lookup
ENABLE_THREADED_RESOLVER:BOOL=ON

//Use the Unicode version of the Windows API functions
ENABLE_UNICODE:BOOL=ON

//Enable Unix domain sockets support
ENABLE_UNIX_SOCKETS:BOOL=ON

//No help, variable specified on the command line.
FETCHCONTENT_FULLY_DISCONNECTED:UNINITIALIZED=ON

//Disable all protocols except HTTP (This overrides all CURL_DISABLE_*
// options)
HTTP_ONLY:BOOL=OFF

//No help, variable specified on the command line.
IMPORT_LIB_SUFFIX:UNINITIALIZED=

//Basename of the curl library
LIBCURL_OUTPUT_NAME:STRING=libcurl

//Enable picky compiler options
PICKY_COMPILER:BOOL=ON

//No help, variable specified on the command line.
SHARE_LIB_OBJECT:UNINITIALIZED=OFF

//Enable ECH support (experimental)
USE_ECH:BOOL=OFF

//Enable HTTPS RR support (experimental)
USE_HTTPSRR:BOOL=OFF

//Use libidn2 for IDN support
USE_LIBIDN2:BOOL=OFF

//Use nghttp2 library
USE_NGHTTP2:BOOL=OFF

//Use ngtcp2 and nghttp3 libraries for HTTP/3 support
USE_NGTCP2:BOOL=OFF

//Enable HTTP/3 proxy support (experimental)
USE_PROXY_HTTP3:BOOL=OFF

//Use quiche library for HTTP/3 support (experimental)
USE_QUICHE:BOOL=OFF

//Enable SSL session import/export (experimental)
USE_SSLS_EXPORT:BOOL=OFF

//Use WinIDN for IDN support
USE_WIN32_IDN:BOOL=OFF

//Automatically copy dependencies into the output directory for
// executables.
VCPKG_APPLOCAL_DEPS:BOOL=OFF

//No help, variable specified on the command line.
VCPKG_CHAINLOAD_TOOLCHAIN_FILE:UNINITIALIZED=C:/Program Files/Microsoft Visual Studio/18/Community/VC/vcpkg/scripts/toolchains/windows.cmake

//No help, variable specified on the command line.
VCPKG_CRT_LINKAGE:UNINITIALIZED=dynamic

//No help, variable specified on the command line.
VCPKG_CXX_FLAGS:UNINITIALIZED=

//No help, variable specified on the command line.
VCPKG_CXX_FLAGS_DEBUG:UNINITIALIZED=

//No help, variable specified on the command line.
VCPKG_CXX_FLAGS_RELEASE:UNINITIALIZED=

//No help, variable specified on the command line.
VCPKG_C_FLAGS:UNINITIALIZED=

//No help, variable specified on the command line.
VCPKG_C_FLAGS_DEBUG:UNINITIALIZED=

//No help, variable specified on the command line.
VCPKG_C_FLAGS_RELEASE:UNINITIALIZED=

//The directory which contains the installed libraries for each
// triplet
VCPKG_INSTALLED_DIR:PATH=C:/Users/19697/Documents/KeygenSDK/KeygenSDK/build-vs/vcpkg_installed

//No help, variable specified on the command line.
VCPKG_LINKER_FLAGS:UNINITIALIZED=

//No help, variable specified on the command line.
VCPKG_LINKER_FLAGS_DEBUG:UNINITIALIZED=

//No help, variable specified on the command line.
VCPKG_LINKER_FLAGS_RELEASE:UNINITIALIZED=

//No help, variable specified on the command line.
VCPKG_LOCK_FIND_PACKAGE_GSS:UNINITIALIZED=OFF

//No help, variable specified on the command line.
VCPKG_LOCK_FIND_PACKAGE_LDAP:UNINITIALIZED=OFF

//No help, variable specified on the command line.
VCPKG_LOCK_FIND_PACKAGE_Libidn2:UNINITIALIZED=OFF

//No help, variable specified on the command line.
VCPKG_LOCK_FIND_PACKAGE_Libssh2:UNINITIALIZED=OFF

//No help, variable specified on the command line.
VCPKG_LOCK_FIND_PACKAGE_NGHTTP2:UNINITIALIZED=OFF

//The path to the vcpkg manifest directory.
VCPKG_MANIFEST_DIR:PATH=

//Use manifest mode, as opposed to classic mode.
VCPKG_MANIFEST_MODE:BOOL=OFF

//No help, variable specified on the command line.
VCPKG_PLATFORM_TOOLSET:UNINITIALIZED=v145

//Appends the vcpkg paths to CMAKE_PREFIX_PATH, CMAKE_LIBRARY_PATH
// and CMAKE_FIND_ROOT_PATH so that vcpkg libraries/packages are
// found after toolchain/system libraries/packages.
VCPKG_PREFER_SYSTEM_LIBS:BOOL=OFF

//Enable the setup of CMAKE_PROGRAM_PATH to vcpkg paths
VCPKG_SETUP_CMAKE_PROGRAM_PATH:BOOL=ON

//No help, variable specified on the command line.
VCPKG_SET_CHARSET_FLAG:UNINITIALIZED=ON

//No help, variable specified on the command line.
VCPKG_TARGET_ARCHITECTURE:UNINITIALIZED=x64

//Vcpkg target triplet (ex. x86-windows)
VCPKG_TARGET_TRIPLET:STRING=x64-windows

//Trace calls to find_package()
VCPKG_TRACE_FIND_PACKAGE:BOOL=OFF

//Enables messages from the VCPKG toolchain for debugging purposes.
VCPKG_VERBOSE:BOOL=OFF

//(experimental) Automatically copy dependencies into the install
// target directory for executables. Requires CMake 3.14.
X_VCPKG_APPLOCAL_DEPS_INSTALL:BOOL=OFF

//(experimental) Add USES_TERMINAL to VCPKG_APPLOCAL_DEPS to force
// serialization.
X_VCPKG_APPLOCAL_DEPS_SERIALIZED:BOOL=OFF

//Path to a file.
ZLIB_INCLUDE_DIR:PATH=C:/Users/19697/Documents/KeygenSDK/KeygenSDK/build-vs/vcpkg_installed/x64-windows/include

//Path to a library.
ZLIB_LIBRARY_DEBUG:FILEPATH=C:/Users/19697/Documents/KeygenSDK/KeygenSDK/build-vs/vcpkg_installed/x64-windows/debug/lib/zd.lib

//Path to a library.
ZLIB_LIBRARY_RELEASE:FILEPATH=C:/Users/19697/Documents/KeygenSDK/KeygenSDK/build-vs/vcpkg_installed/x64-windows/lib/z.lib

//Fast-track known feature detection results (Windows, some Apple)
_CURL_PREFILL:BOOL=ON

//The directory which contains the installed libraries for each
// triplet
_VCPKG_INSTALLED_DIR:PATH=C:/Users/19697/Documents/KeygenSDK/KeygenSDK/build-vs/vcpkg_installed

//No help, variable specified on the command line.
_VCPKG_ROOT_DIR:UNINITIALIZED=C:/Program Files/Microsoft Visual Studio/18/Community/VC/vcpkg


########################
# INTERNAL cache entries
########################

//ADVANCED property for variable: CMAKE_AR
CMAKE_AR-ADVANCED:INTERNAL=1
//This is the directory where this CMakeCache.txt was created
CMAKE_CACHEFILE_DIR:INTERNAL=c:/Users/19697/Documents/KeygenSDK/KeygenSDK/build-vs/vcpkg_installed/vcpkg/blds/curl/x64-windows-rel
//Major version of cmake used to create the current loaded cache
CMAKE_CACHE_MAJOR_VERSION:INTERNAL=4
//Minor version of cmake used to create the current loaded cache
CMAKE_CACHE_MINOR_VERSION:INTERNAL=3
//Patch version of cmake used to create the current loaded cache
CMAKE_CACHE_PATCH_VERSION:INTERNAL=2
//Path to CMake executable.
CMAKE_COMMAND:INTERNAL=C:/Users/19697/AppData/Local/vcpkg/downloads/tools/cmake-4.3.2-windows/cmake-4.3.2-windows-x86_64/bin/cmake.exe
//Path to cpack program executable.
CMAKE_CPACK_COMMAND:INTERNAL=C:/Users/19697/AppData/Local/vcpkg/downloads/tools/cmake-4.3.2-windows/cmake-4.3.2-windows-x86_64/bin/cpack.exe
//Path to ctest program executable.
CMAKE_CTEST_COMMAND:INTERNAL=C:/Users/19697/AppData/Local/vcpkg/downloads/tools/cmake-4.3.2-windows/cmake-4.3.2-windows-x86_64/bin/ctest.exe
//ADVANCED property for variable: CMAKE_C_COMPILER
CMAKE_C_COMPILER-ADVANCED:INTERNAL=1
//ADVANCED property for variable: CMAKE_C_FLAGS
CMAKE_C_FLAGS-ADVANCED:INTERNAL=1
//ADVANCED property for variable: CMAKE_C_FLAGS_DEBUG
CMAKE_C_FLAGS_DEBUG-ADVANCED:INTERNAL=1
//ADVANCED property for variable: CMAKE_C_FLAGS_MINSIZEREL
CMAKE_C_FLAGS_MINSIZEREL-ADVANCED:INTERNAL=1
//ADVANCED property for variable: CMAKE_C_FLAGS_RELEASE
CMAKE_C_FLAGS_RELEASE-ADVANCED:INTERNAL=1
//ADVANCED property for variable: CMAKE_C_FLAGS_RELWITHDEBINFO
CMAKE_C_FLAGS_RELWITHDEBINFO-ADVANCED:INTERNAL=1
//ADVANCED property for variable: CMAKE_C_STANDARD_LIBRARIES
CMAKE_C_STANDARD_LIBRARIES-ADVANCED:INTERNAL=1
//Path to cache edit program executable.
CMAKE_EDIT_COMMAND:INTERNAL=C:/Users/19697/AppData/Local/vcpkg/downloads/tools/cmake-4.3.2-windows/cmake-4.3.2-windows-x86_64/bin/cmake-gui.exe
//Executable file format
CMAKE_EXECUTABLE_FORMAT:INTERNAL=Unknown
//ADVANCED property for variable: CMAKE_EXE_LINKER_FLAGS
CMAKE_EXE_LINKER_FLAGS-ADVANCED:INTERNAL=1
//ADVANCED property for variable: CMAKE_EXE_LINKER_FLAGS_DEBUG
CMAKE_EXE_LINKER_FLAGS_DEBUG-ADVANCED:INTERNAL=1
//ADVANCED property for variable: CMAKE_EXE_LINKER_FLAGS_MINSIZEREL
CMAKE_EXE_LINKER_FLAGS_MINSIZEREL-ADVANCED:INTERNAL=1
//ADVANCED property for variable: CMAKE_EXE_LINKER_FLAGS_RELEASE
CMAKE_EXE_LINKER_FLAGS_RELEASE-ADVANCED:INTERNAL=1
//ADVANCED property for variable: CMAKE_EXE_LINKER_FLAGS_RELWITHDEBINFO
CMAKE_EXE_LINKER_FLAGS_RELWITHDEBINFO-ADVANCED:INTERNAL=1
//ADVANCED property for variable: CMAKE_EXPORT_BUILD_DATABASE
CMAKE_EXPORT_BUILD_DATABASE-ADVANCED:INTERNAL=1
//ADVANCED property for variable: CMAKE_EXPORT_COMPILE_COMMANDS
CMAKE_EXPORT_COMPILE_COMMANDS-ADVANCED:INTERNAL=1
//Name of external makefile project generator.
CMAKE_EXTRA_GENERATOR:INTERNAL=
//Name of generator.
CMAKE_GENERATOR:INTERNAL=Ninja
//Generator instance identifier.
CMAKE_GENERATOR_INSTANCE:INTERNAL=
//Name of generator platform.
CMAKE_GENERATOR_PLATFORM:INTERNAL=
//Name of generator toolset.
CMAKE_GENERATOR_TOOLSET:INTERNAL=
//Source directory with the top level CMakeLists.txt file for this
// project
CMAKE_HOME_DIRECTORY:INTERNAL=C:/Users/19697/Documents/KeygenSDK/KeygenSDK/build-vs/vcpkg_installed/vcpkg/blds/curl/src/url-8_21_0-3ffa9f46b7.clean
//ADVANCED property for variable: CMAKE_INSTALL_BINDIR
CMAKE_INSTALL_BINDIR-ADVANCED:INTERNAL=1
//ADVANCED property for variable: CMAKE_INSTALL_DATADIR
CMAKE_INSTALL_DATADIR-ADVANCED:INTERNAL=1
//ADVANCED property for variable: CMAKE_INSTALL_DATAROOTDIR
CMAKE_INSTALL_DATAROOTDIR-ADVANCED:INTERNAL=1
//ADVANCED property for variable: CMAKE_INSTALL_DOCDIR
CMAKE_INSTALL_DOCDIR-ADVANCED:INTERNAL=1
//ADVANCED property for variable: CMAKE_INSTALL_INCLUDEDIR
CMAKE_INSTALL_INCLUDEDIR-ADVANCED:INTERNAL=1
//ADVANCED property for variable: CMAKE_INSTALL_INFODIR
CMAKE_INSTALL_INFODIR-ADVANCED:INTERNAL=1
//ADVANCED property for variable: CMAKE_INSTALL_LIBDIR
CMAKE_INSTALL_LIBDIR-ADVANCED:INTERNAL=1
//ADVANCED property for variable: CMAKE_INSTALL_LIBEXECDIR
CMAKE_INSTALL_LIBEXECDIR-ADVANCED:INTERNAL=1
//ADVANCED property for variable: CMAKE_INSTALL_LOCALEDIR
CMAKE_INSTALL_LOCALEDIR-ADVANCED:INTERNAL=1
//ADVANCED property for variable: CMAKE_INSTALL_LOCALSTATEDIR
CMAKE_INSTALL_LOCALSTATEDIR-ADVANCED:INTERNAL=1
//ADVANCED property for variable: CMAKE_INSTALL_MANDIR
CMAKE_INSTALL_MANDIR-ADVANCED:INTERNAL=1
//ADVANCED property for variable: CMAKE_INSTALL_OLDINCLUDEDIR
CMAKE_INSTALL_OLDINCLUDEDIR-ADVANCED:INTERNAL=1
//ADVANCED property for variable: CMAKE_INSTALL_RUNSTATEDIR
CMAKE_INSTALL_RUNSTATEDIR-ADVANCED:INTERNAL=1
//ADVANCED property for variable: CMAKE_INSTALL_SBINDIR
CMAKE_INSTALL_SBINDIR-ADVANCED:INTERNAL=1
//ADVANCED property for variable: CMAKE_INSTALL_SHAREDSTATEDIR
CMAKE_INSTALL_SHAREDSTATEDIR-ADVANCED:INTERNAL=1
//ADVANCED property for variable: CMAKE_INSTALL_SYSCONFDIR
CMAKE_INSTALL_SYSCONFDIR-ADVANCED:INTERNAL=1
//ADVANCED property for variable: CMAKE_LINKER
CMAKE_LINKER-ADVANCED:INTERNAL=1
//Name of CMakeLists files to read
CMAKE_LIST_FILE_NAME:INTERNAL=CMakeLists.txt
//ADVANCED property for variable: CMAKE_MODULE_LINKER_FLAGS
CMAKE_MODULE_LINKER_FLAGS-ADVANCED:INTERNAL=1
//ADVANCED property for variable: CMAKE_MODULE_LINKER_FLAGS_DEBUG
CMAKE_MODULE_LINKER_FLAGS_DEBUG-ADVANCED:INTERNAL=1
//ADVANCED property for variable: CMAKE_MODULE_LINKER_FLAGS_MINSIZEREL
CMAKE_MODULE_LINKER_FLAGS_MINSIZEREL-ADVANCED:INTERNAL=1
//ADVANCED property for variable: CMAKE_MODULE_LINKER_FLAGS_RELEASE
CMAKE_MODULE_LINKER_FLAGS_RELEASE-ADVANCED:INTERNAL=1
//ADVANCED property for variable: CMAKE_MODULE_LINKER_FLAGS_RELWITHDEBINFO
CMAKE_MODULE_LINKER_FLAGS_RELWITHDEBINFO-ADVANCED:INTERNAL=1
//ADVANCED property for variable: CMAKE_MT
CMAKE_MT-ADVANCED:INTERNAL=1
//number of local generators
CMAKE_NUMBER_OF_MAKEFILES:INTERNAL=4
//Platform information initialized
CMAKE_PLATFORM_INFO_INITIALIZED:INTERNAL=1
//ADVANCED property for variable: CMAKE_POLICY_VERSION_MINIMUM
CMAKE_POLICY_VERSION_MINIMUM-ADVANCED:INTERNAL=1
//noop for ranlib
CMAKE_RANLIB:INTERNAL=:
//ADVANCED property for variable: CMAKE_RC_COMPILER
CMAKE_RC_COMPILER-ADVANCED:INTERNAL=1
CMAKE_RC_COMPILER_WORKS:INTERNAL=1
//ADVANCED property for variable: CMAKE_RC_FLAGS
CMAKE_RC_FLAGS-ADVANCED:INTERNAL=1
//ADVANCED property for variable: CMAKE_RC_FLAGS_DEBUG
CMAKE_RC_FLAGS_DEBUG-ADVANCED:INTERNAL=1
//ADVANCED property for variable: CMAKE_RC_FLAGS_MINSIZEREL
CMAKE_RC_FLAGS_MINSIZEREL-ADVANCED:INTERNAL=1
//ADVANCED property for variable: CMAKE_RC_FLAGS_RELEASE
CMAKE_RC_FLAGS_RELEASE-ADVANCED:INTERNAL=1
//ADVANCED property for variable: CMAKE_RC_FLAGS_RELWITHDEBINFO
CMAKE_RC_FLAGS_RELWITHDEBINFO-ADVANCED:INTERNAL=1
//Path to CMake installation.
CMAKE_ROOT:INTERNAL=C:/Users/19697/AppData/Local/vcpkg/downloads/tools/cmake-4.3.2-windows/cmake-4.3.2-windows-x86_64/share/cmake-4.3
//ADVANCED property for variable: CMAKE_SHARED_LINKER_FLAGS
CMAKE_SHARED_LINKER_FLAGS-ADVANCED:INTERNAL=1
//ADVANCED property for variable: CMAKE_SHARED_LINKER_FLAGS_DEBUG
CMAKE_SHARED_LINKER_FLAGS_DEBUG-ADVANCED:INTERNAL=1
//ADVANCED property for variable: CMAKE_SHARED_LINKER_FLAGS_MINSIZEREL
CMAKE_SHARED_LINKER_FLAGS_MINSIZEREL-ADVANCED:INTERNAL=1
//ADVANCED property for variable: CMAKE_SHARED_LINKER_FLAGS_RELEASE
CMAKE_SHARED_LINKER_FLAGS_RELEASE-ADVANCED:INTERNAL=1
//ADVANCED property for variable: CMAKE_SHARED_LINKER_FLAGS_RELWITHDEBINFO
CMAKE_SHARED_LINKER_FLAGS_RELWITHDEBINFO-ADVANCED:INTERNAL=1
//ADVANCED property for variable: CMAKE_SKIP_INSTALL_RPATH
CMAKE_SKIP_INSTALL_RPATH-ADVANCED:INTERNAL=1
//ADVANCED property for variable: CMAKE_SKIP_RPATH
CMAKE_SKIP_RPATH-ADVANCED:INTERNAL=1
//ADVANCED property for variable: CMAKE_STATIC_LINKER_FLAGS
CMAKE_STATIC_LINKER_FLAGS-ADVANCED:INTERNAL=1
//ADVANCED property for variable: CMAKE_STATIC_LINKER_FLAGS_DEBUG
CMAKE_STATIC_LINKER_FLAGS_DEBUG-ADVANCED:INTERNAL=1
//ADVANCED property for variable: CMAKE_STATIC_LINKER_FLAGS_MINSIZEREL
CMAKE_STATIC_LINKER_FLAGS_MINSIZEREL-ADVANCED:INTERNAL=1
//ADVANCED property for variable: CMAKE_STATIC_LINKER_FLAGS_RELEASE
CMAKE_STATIC_LINKER_FLAGS_RELEASE-ADVANCED:INTERNAL=1
//ADVANCED property for variable: CMAKE_STATIC_LINKER_FLAGS_RELWITHDEBINFO
CMAKE_STATIC_LINKER_FLAGS_RELWITHDEBINFO-ADVANCED:INTERNAL=1
//ADVANCED property for variable: CMAKE_TOOLCHAIN_FILE
CMAKE_TOOLCHAIN_FILE-ADVANCED:INTERNAL=1
//ADVANCED property for variable: CMAKE_VERBOSE_MAKEFILE
CMAKE_VERBOSE_MAKEFILE-ADVANCED:INTERNAL=1
//ADVANCED property for variable: CPACK_SOURCE_7Z
CPACK_SOURCE_7Z-ADVANCED:INTERNAL=1
//ADVANCED property for variable: CPACK_SOURCE_ZIP
CPACK_SOURCE_ZIP-ADVANCED:INTERNAL=1
//STRINGS property for variable: CURL_BROTLI
CURL_BROTLI-STRINGS:INTERNAL=AUTO;ON;OFF
//ADVANCED property for variable: CURL_DEBUG_GLOBAL_MEM
CURL_DEBUG_GLOBAL_MEM-ADVANCED:INTERNAL=1
//ADVANCED property for variable: CURL_DISABLE_ALTSVC
CURL_DISABLE_ALTSVC-ADVANCED:INTERNAL=1
//ADVANCED property for variable: CURL_DISABLE_AWS
CURL_DISABLE_AWS-ADVANCED:INTERNAL=1
//ADVANCED property for variable: CURL_DISABLE_BASIC_AUTH
CURL_DISABLE_BASIC_AUTH-ADVANCED:INTERNAL=1
//ADVANCED property for variable: CURL_DISABLE_BEARER_AUTH
CURL_DISABLE_BEARER_AUTH-ADVANCED:INTERNAL=1
//ADVANCED property for variable: CURL_DISABLE_BINDLOCAL
CURL_DISABLE_BINDLOCAL-ADVANCED:INTERNAL=1
//ADVANCED property for variable: CURL_DISABLE_COOKIES
CURL_DISABLE_COOKIES-ADVANCED:INTERNAL=1
//ADVANCED property for variable: CURL_DISABLE_DICT
CURL_DISABLE_DICT-ADVANCED:INTERNAL=1
//ADVANCED property for variable: CURL_DISABLE_DIGEST_AUTH
CURL_DISABLE_DIGEST_AUTH-ADVANCED:INTERNAL=1
//ADVANCED property for variable: CURL_DISABLE_DOH
CURL_DISABLE_DOH-ADVANCED:INTERNAL=1
//ADVANCED property for variable: CURL_DISABLE_FILE
CURL_DISABLE_FILE-ADVANCED:INTERNAL=1
//ADVANCED property for variable: CURL_DISABLE_FORM_API
CURL_DISABLE_FORM_API-ADVANCED:INTERNAL=1
//ADVANCED property for variable: CURL_DISABLE_FTP
CURL_DISABLE_FTP-ADVANCED:INTERNAL=1
//ADVANCED property for variable: CURL_DISABLE_GETOPTIONS
CURL_DISABLE_GETOPTIONS-ADVANCED:INTERNAL=1
//ADVANCED property for variable: CURL_DISABLE_GOPHER
CURL_DISABLE_GOPHER-ADVANCED:INTERNAL=1
//ADVANCED property for variable: CURL_DISABLE_HEADERS_API
CURL_DISABLE_HEADERS_API-ADVANCED:INTERNAL=1
//ADVANCED property for variable: CURL_DISABLE_HSTS
CURL_DISABLE_HSTS-ADVANCED:INTERNAL=1
//ADVANCED property for variable: CURL_DISABLE_HTTP
CURL_DISABLE_HTTP-ADVANCED:INTERNAL=1
//ADVANCED property for variable: CURL_DISABLE_HTTP_AUTH
CURL_DISABLE_HTTP_AUTH-ADVANCED:INTERNAL=1
//ADVANCED property for variable: CURL_DISABLE_IMAP
CURL_DISABLE_IMAP-ADVANCED:INTERNAL=1
//ADVANCED property for variable: CURL_DISABLE_IPFS
CURL_DISABLE_IPFS-ADVANCED:INTERNAL=1
//ADVANCED property for variable: CURL_DISABLE_KERBEROS_AUTH
CURL_DISABLE_KERBEROS_AUTH-ADVANCED:INTERNAL=1
//ADVANCED property for variable: CURL_DISABLE_LDAP
CURL_DISABLE_LDAP-ADVANCED:INTERNAL=1
//ADVANCED property for variable: CURL_DISABLE_LDAPS
CURL_DISABLE_LDAPS-ADVANCED:INTERNAL=1
//ADVANCED property for variable: CURL_DISABLE_LIBCURL_OPTION
CURL_DISABLE_LIBCURL_OPTION-ADVANCED:INTERNAL=1
//ADVANCED property for variable: CURL_DISABLE_MIME
CURL_DISABLE_MIME-ADVANCED:INTERNAL=1
//ADVANCED property for variable: CURL_DISABLE_MQTT
CURL_DISABLE_MQTT-ADVANCED:INTERNAL=1
//ADVANCED property for variable: CURL_DISABLE_NEGOTIATE_AUTH
CURL_DISABLE_NEGOTIATE_AUTH-ADVANCED:INTERNAL=1
//ADVANCED property for variable: CURL_DISABLE_NETRC
CURL_DISABLE_NETRC-ADVANCED:INTERNAL=1
//ADVANCED property for variable: CURL_DISABLE_PARSEDATE
CURL_DISABLE_PARSEDATE-ADVANCED:INTERNAL=1
//ADVANCED property for variable: CURL_DISABLE_POP3
CURL_DISABLE_POP3-ADVANCED:INTERNAL=1
//ADVANCED property for variable: CURL_DISABLE_PROGRESS_METER
CURL_DISABLE_PROGRESS_METER-ADVANCED:INTERNAL=1
//ADVANCED property for variable: CURL_DISABLE_PROXY
CURL_DISABLE_PROXY-ADVANCED:INTERNAL=1
//ADVANCED property for variable: CURL_DISABLE_RTSP
CURL_DISABLE_RTSP-ADVANCED:INTERNAL=1
//ADVANCED property for variable: CURL_DISABLE_SHA512_256
CURL_DISABLE_SHA512_256-ADVANCED:INTERNAL=1
//ADVANCED property for variable: CURL_DISABLE_SHUFFLE_DNS
CURL_DISABLE_SHUFFLE_DNS-ADVANCED:INTERNAL=1
//ADVANCED property for variable: CURL_DISABLE_SMTP
CURL_DISABLE_SMTP-ADVANCED:INTERNAL=1
//ADVANCED property for variable: CURL_DISABLE_SOCKETPAIR
CURL_DISABLE_SOCKETPAIR-ADVANCED:INTERNAL=1
//ADVANCED property for variable: CURL_DISABLE_SRP
CURL_DISABLE_SRP-ADVANCED:INTERNAL=1
//ADVANCED property for variable: CURL_DISABLE_TELNET
CURL_DISABLE_TELNET-ADVANCED:INTERNAL=1
//ADVANCED property for variable: CURL_DISABLE_TFTP
CURL_DISABLE_TFTP-ADVANCED:INTERNAL=1
//ADVANCED property for variable: CURL_DISABLE_TYPECHECK
CURL_DISABLE_TYPECHECK-ADVANCED:INTERNAL=1
//ADVANCED property for variable: CURL_DISABLE_VERBOSE_STRINGS
CURL_DISABLE_VERBOSE_STRINGS-ADVANCED:INTERNAL=1
//ADVANCED property for variable: CURL_DISABLE_WEBSOCKETS
CURL_DISABLE_WEBSOCKETS-ADVANCED:INTERNAL=1
//ADVANCED property for variable: CURL_ENABLE_EXPORT_TARGET
CURL_ENABLE_EXPORT_TARGET-ADVANCED:INTERNAL=1
//ADVANCED property for variable: CURL_ENABLE_NTLM
CURL_ENABLE_NTLM-ADVANCED:INTERNAL=1
//ADVANCED property for variable: CURL_ENABLE_SMB
CURL_ENABLE_SMB-ADVANCED:INTERNAL=1
//ADVANCED property for variable: CURL_HIDDEN_SYMBOLS
CURL_HIDDEN_SYMBOLS-ADVANCED:INTERNAL=1
//ADVANCED property for variable: CURL_USE_GSASL
CURL_USE_GSASL-ADVANCED:INTERNAL=1
//ADVANCED property for variable: CURL_USE_GSSAPI
CURL_USE_GSSAPI-ADVANCED:INTERNAL=1
//ADVANCED property for variable: CURL_USE_LIBPSL
CURL_USE_LIBPSL-ADVANCED:INTERNAL=1
//ADVANCED property for variable: CURL_USE_LIBSSH
CURL_USE_LIBSSH-ADVANCED:INTERNAL=1
//ADVANCED property for variable: CURL_USE_LIBSSH2
CURL_USE_LIBSSH2-ADVANCED:INTERNAL=1
//STRINGS property for variable: CURL_ZLIB
CURL_ZLIB-STRINGS:INTERNAL=AUTO;ON;OFF
//STRINGS property for variable: CURL_ZSTD
CURL_ZSTD-STRINGS:INTERNAL=AUTO;ON;OFF
//ADVANCED property for variable: ENABLE_IPV6
ENABLE_IPV6-ADVANCED:INTERNAL=1
//Details about finding ZLIB
FIND_PACKAGE_MESSAGE_DETAILS_ZLIB:INTERNAL=[optimized;C:/Users/19697/Documents/KeygenSDK/KeygenSDK/build-vs/vcpkg_installed/x64-windows/lib/z.lib;debug;C:/Users/19697/Documents/KeygenSDK/KeygenSDK/build-vs/vcpkg_installed/x64-windows/debug/lib/zd.lib][C:/Users/19697/Documents/KeygenSDK/KeygenSDK/build-vs/vcpkg_installed/x64-windows/include][ ][v1.3.2()]
//Result of TRY_COMPILE
HAVE_SIZEOF_TIME_T:INTERNAL=TRUE
//ADVANCED property for variable: HTTP_ONLY
HTTP_ONLY-ADVANCED:INTERNAL=1
//CHECK_TYPE_SIZE: sizeof(time_t)
SIZEOF_TIME_T:INTERNAL=8
//Install the dependencies listed in your manifest:
//\n    If this is off, you will have to manually install your dependencies.
//\n    See https://github.com/microsoft/vcpkg/tree/master/docs/specifications/manifests.md
// for more info.
//\n
VCPKG_MANIFEST_INSTALL:INTERNAL=OFF
//ADVANCED property for variable: VCPKG_VERBOSE
VCPKG_VERBOSE-ADVANCED:INTERNAL=1
//ADVANCED property for variable: ZLIB_INCLUDE_DIR
ZLIB_INCLUDE_DIR-ADVANCED:INTERNAL=1
//ADVANCED property for variable: ZLIB_LIBRARY_DEBUG
ZLIB_LIBRARY_DEBUG-ADVANCED:INTERNAL=1
//ADVANCED property for variable: ZLIB_LIBRARY_RELEASE
ZLIB_LIBRARY_RELEASE-ADVANCED:INTERNAL=1
//Making sure VCPKG_MANIFEST_MODE doesn't change
Z_VCPKG_CHECK_MANIFEST_MODE:INTERNAL=OFF
//Vcpkg root directory
Z_VCPKG_ROOT_DIR:INTERNAL=C:/Program Files/Microsoft Visual Studio/18/Community/VC/vcpkg
//ADVANCED property for variable: _CURL_PREFILL
_CURL_PREFILL-ADVANCED:INTERNAL=1
//CMAKE_INSTALL_PREFIX during last run
_GNUInstallDirs_LAST_CMAKE_INSTALL_PREFIX:INTERNAL=C:/Users/19697/Documents/KeygenSDK/KeygenSDK/build-vs/vcpkg_installed/vcpkg/pkgs/curl_x64-windows

