[1/2] "C:/Users/19697/AppData/Local/vcpkg/downloads/tools/cmake-4.3.2-windows/cmake-4.3.2-windows-x86_64/bin/cmake.exe" -E chdir ".." "C:/Users/19697/AppData/Local/vcpkg/downloads/tools/cmake-4.3.2-windows/cmake-4.3.2-windows-x86_64/bin/cmake.exe" "C:/Users/19697/Documents/KeygenSDK/KeygenSDK/build-vs/vcpkg_installed/vcpkg/blds/curl/src/url-8_21_0-3ffa9f46b7.clean" "-G" "Ninja" "-DCMAKE_BUILD_TYPE=Release" "-DCMAKE_INSTALL_PREFIX=C:/Users/19697/Documents/KeygenSDK/KeygenSDK/build-vs/vcpkg_installed/vcpkg/pkgs/curl_x64-windows" "-DFETCHCONTENT_FULLY_DISCONNECTED=ON" "-DCMAKE_PROJECT_INCLUDE=C:/Users/19697/AppData/Local/vcpkg/registries/git-trees/c98fcb353dd325c97c5a0b70dfaf2378a372f86e/cmake-project-include.cmake" "-DCURL_BROTLI=OFF" "-DENABLE_ARES=OFF" "-DCURL_USE_GNUTLS=OFF" "-DCURL_USE_GSASL=OFF" "-DCURL_USE_GSSAPI=OFF" "-DVCPKG_LOCK_FIND_PACKAGE_GSS=OFF" "-DUSE_NGHTTP2=OFF" "-DVCPKG_LOCK_FIND_PACKAGE_NGHTTP2=OFF" "-DUSE_NGTCP2=OFF" "-DUSE_HTTPSRR=OFF" "-DUSE_LIBIDN2=OFF" "-DVCPKG_LOCK_FIND_PACKAGE_Libidn2=OFF" "-DVCPKG_LOCK_FIND_PACKAGE_LDAP=OFF" "-DCURL_USE_MBEDTLS=OFF" "-DCURL_CA_FALLBACK=OFF" "-DCURL_USE_OPENSSL=OFF" "-DCURL_USE_LIBPSL=OFF" "-DCURL_USE_LIBSSH2=OFF" "-DVCPKG_LOCK_FIND_PACKAGE_Libssh2=OFF" "-DUSE_SSLS_EXPORT=OFF" "-DCURL_WINDOWS_SSPI=ON" "-DBUILD_CURL_EXE=OFF" "-DUSE_WIN32_IDN=OFF" "-DCURL_USE_WOLFSSL=OFF" "-DCURL_ZSTD=OFF" "-DCURL_DISABLE_LDAP=ON" "-DCURL_DISABLE_LDAPS=ON" "-DHTTP_ONLY=OFF" "-DCURL_DISABLE_WEBSOCKETS=ON" "-DCURL_USE_SCHANNEL=ON" "-DENABLE_UNICODE=ON" "-DBUILD_TESTING=OFF" "-DENABLE_CURL_MANUAL=OFF" "-DIMPORT_LIB_SUFFIX=" "-DSHARE_LIB_OBJECT=OFF" "-DCURL_USE_CMAKECONFIG=ON" "-DCURL_USE_PKGCONFIG=ON" "-DCMAKE_DISABLE_FIND_PACKAGE_Perl=ON" "-DCMAKE_MAKE_PROGRAM=C:\Users\19697\AppData\Local\vcpkg\downloads\tools\ninja-1.13.2-windows\ninja.exe" "-DBUILD_SHARED_LIBS=ON" "-DVCPKG_CHAINLOAD_TOOLCHAIN_FILE=C:/Program Files/Microsoft Visual Studio/18/Community/VC/vcpkg/scripts/toolchains/windows.cmake" "-DVCPKG_TARGET_TRIPLET=x64-windows" "-DVCPKG_SET_CHARSET_FLAG=ON" "-DVCPKG_PLATFORM_TOOLSET=v145" "-DCMAKE_EXPORT_NO_PACKAGE_REGISTRY=ON" "-DCMAKE_FIND_PACKAGE_NO_PACKAGE_REGISTRY=ON" "-DCMAKE_FIND_PACKAGE_NO_SYSTEM_PACKAGE_REGISTRY=ON" "-DCMAKE_INSTALL_SYSTEM_RUNTIME_LIBS_SKIP=TRUE" "-DCMAKE_VERBOSE_MAKEFILE=ON" "-DVCPKG_APPLOCAL_DEPS=OFF" "-DCMAKE_TOOLCHAIN_FILE=C:/Program Files/Microsoft Visual Studio/18/Community/VC/vcpkg/scripts/buildsystems/vcpkg.cmake" "-DCMAKE_ERROR_ON_ABSOLUTE_INSTALL_DESTINATION=ON" "-DVCPKG_CXX_FLAGS=" "-DVCPKG_CXX_FLAGS_RELEASE=" "-DVCPKG_CXX_FLAGS_DEBUG=" "-DVCPKG_C_FLAGS=" "-DVCPKG_C_FLAGS_RELEASE=" "-DVCPKG_C_FLAGS_DEBUG=" "-DVCPKG_CRT_LINKAGE=dynamic" "-DVCPKG_LINKER_FLAGS=" "-DVCPKG_LINKER_FLAGS_RELEASE=" "-DVCPKG_LINKER_FLAGS_DEBUG=" "-DVCPKG_TARGET_ARCHITECTURE=x64" "-DCMAKE_INSTALL_LIBDIR:STRING=lib" "-DCMAKE_INSTALL_BINDIR:STRING=bin" "-D_VCPKG_ROOT_DIR=C:/Program Files/Microsoft Visual Studio/18/Community/VC/vcpkg" "-D_VCPKG_INSTALLED_DIR=C:/Users/19697/Documents/KeygenSDK/KeygenSDK/build-vs/vcpkg_installed" "-DVCPKG_MANIFEST_INSTALL=OFF"
-- Using CMake version 4.3.2
-- curl version=[8.21.0]
-- The C compiler identification is MSVC 19.51.36256.0
-- Detecting C compiler ABI info
-- Detecting C compiler ABI info - done
-- Check for working C compiler: C:/Program Files/Microsoft Visual Studio/18/Community/VC/Tools/MSVC/14.51.36231/bin/Hostx64/x64/cl.exe - skipped
-- Detecting C compile features
-- Detecting C compile features - done
-- CMake platform flags: WIN32 MSVC-1951 VCPKG
-- Performing Test HAVE_WIN32_WINNT
-- Performing Test HAVE_WIN32_WINNT - Success
-- Found _WIN32_WINNT=0x0a00
-- Picky compiler options: -W4 -Wall -wd4061 -wd4191 -wd4255 -wd4464 -wd4548 -wd4574 -wd4668 -wd4710 -wd4711 -wd4746 -wd4820 -wd5045
CMake Warning at CMakeLists.txt:595 (message):
  Perl not found.  Cannot build manuals.


-- Found ZLIB: optimized;C:/Users/19697/Documents/KeygenSDK/KeygenSDK/build-vs/vcpkg_installed/x64-windows/lib/z.lib;debug;C:/Users/19697/Documents/KeygenSDK/KeygenSDK/build-vs/vcpkg_installed/x64-windows/debug/lib/zd.lib (found version "1.3.2")
-- Check size of time_t
-- Check size of time_t - done
-- Protocols: dict file ftp ftps gopher gophers http https imap imaps ipfs ipns mqtt mqtts pop3 pop3s rtsp smtp smtps telnet tftp
-- Features: alt-svc AsynchDNS HSTS HTTPS-proxy IPv6 Kerberos Largefile libz SPNEGO SSL SSPI threadsafe Unicode UnixSockets
-- Enabled SSL backends: Schannel
-- Configuring done (103.3s)
-- Generating done (13.9s)
CMake Warning:
  Manually-specified variables were not used by the project:

    FETCHCONTENT_FULLY_DISCONNECTED
    VCPKG_LOCK_FIND_PACKAGE_GSS
    VCPKG_LOCK_FIND_PACKAGE_LDAP
    VCPKG_LOCK_FIND_PACKAGE_Libidn2
    VCPKG_LOCK_FIND_PACKAGE_Libssh2
    VCPKG_LOCK_FIND_PACKAGE_NGHTTP2
    _VCPKG_ROOT_DIR


-- Build files have been written to: C:/Users/19697/Documents/KeygenSDK/KeygenSDK/build-vs/vcpkg_installed/vcpkg/blds/curl/x64-windows-rel
[2/2] "C:/Users/19697/AppData/Local/vcpkg/downloads/tools/cmake-4.3.2-windows/cmake-4.3.2-windows-x86_64/bin/cmake.exe" -E chdir "../../x64-windows-dbg" "C:/Users/19697/AppData/Local/vcpkg/downloads/tools/cmake-4.3.2-windows/cmake-4.3.2-windows-x86_64/bin/cmake.exe" "C:/Users/19697/Documents/KeygenSDK/KeygenSDK/build-vs/vcpkg_installed/vcpkg/blds/curl/src/url-8_21_0-3ffa9f46b7.clean" "-G" "Ninja" "-DCMAKE_BUILD_TYPE=Debug" "-DCMAKE_INSTALL_PREFIX=C:/Users/19697/Documents/KeygenSDK/KeygenSDK/build-vs/vcpkg_installed/vcpkg/pkgs/curl_x64-windows/debug" "-DFETCHCONTENT_FULLY_DISCONNECTED=ON" "-DCMAKE_PROJECT_INCLUDE=C:/Users/19697/AppData/Local/vcpkg/registries/git-trees/c98fcb353dd325c97c5a0b70dfaf2378a372f86e/cmake-project-include.cmake" "-DCURL_BROTLI=OFF" "-DENABLE_ARES=OFF" "-DCURL_USE_GNUTLS=OFF" "-DCURL_USE_GSASL=OFF" "-DCURL_USE_GSSAPI=OFF" "-DVCPKG_LOCK_FIND_PACKAGE_GSS=OFF" "-DUSE_NGHTTP2=OFF" "-DVCPKG_LOCK_FIND_PACKAGE_NGHTTP2=OFF" "-DUSE_NGTCP2=OFF" "-DUSE_HTTPSRR=OFF" "-DUSE_LIBIDN2=OFF" "-DVCPKG_LOCK_FIND_PACKAGE_Libidn2=OFF" "-DVCPKG_LOCK_FIND_PACKAGE_LDAP=OFF" "-DCURL_USE_MBEDTLS=OFF" "-DCURL_CA_FALLBACK=OFF" "-DCURL_USE_OPENSSL=OFF" "-DCURL_USE_LIBPSL=OFF" "-DCURL_USE_LIBSSH2=OFF" "-DVCPKG_LOCK_FIND_PACKAGE_Libssh2=OFF" "-DUSE_SSLS_EXPORT=OFF" "-DCURL_WINDOWS_SSPI=ON" "-DBUILD_CURL_EXE=OFF" "-DUSE_WIN32_IDN=OFF" "-DCURL_USE_WOLFSSL=OFF" "-DCURL_ZSTD=OFF" "-DCURL_DISABLE_LDAP=ON" "-DCURL_DISABLE_LDAPS=ON" "-DHTTP_ONLY=OFF" "-DCURL_DISABLE_WEBSOCKETS=ON" "-DCURL_USE_SCHANNEL=ON" "-DENABLE_UNICODE=ON" "-DBUILD_TESTING=OFF" "-DENABLE_CURL_MANUAL=OFF" "-DIMPORT_LIB_SUFFIX=" "-DSHARE_LIB_OBJECT=OFF" "-DCURL_USE_CMAKECONFIG=ON" "-DCURL_USE_PKGCONFIG=ON" "-DCMAKE_DISABLE_FIND_PACKAGE_Perl=ON" "-DCMAKE_MAKE_PROGRAM=C:\Users\19697\AppData\Local\vcpkg\downloads\tools\ninja-1.13.2-windows\ninja.exe" "-DBUILD_SHARED_LIBS=ON" "-DVCPKG_CHAINLOAD_TOOLCHAIN_FILE=C:/Program Files/Microsoft Visual Studio/18/Community/VC/vcpkg/scripts/toolchains/windows.cmake" "-DVCPKG_TARGET_TRIPLET=x64-windows" "-DVCPKG_SET_CHARSET_FLAG=ON" "-DVCPKG_PLATFORM_TOOLSET=v145" "-DCMAKE_EXPORT_NO_PACKAGE_REGISTRY=ON" "-DCMAKE_FIND_PACKAGE_NO_PACKAGE_REGISTRY=ON" "-DCMAKE_FIND_PACKAGE_NO_SYSTEM_PACKAGE_REGISTRY=ON" "-DCMAKE_INSTALL_SYSTEM_RUNTIME_LIBS_SKIP=TRUE" "-DCMAKE_VERBOSE_MAKEFILE=ON" "-DVCPKG_APPLOCAL_DEPS=OFF" "-DCMAKE_TOOLCHAIN_FILE=C:/Program Files/Microsoft Visual Studio/18/Community/VC/vcpkg/scripts/buildsystems/vcpkg.cmake" "-DCMAKE_ERROR_ON_ABSOLUTE_INSTALL_DESTINATION=ON" "-DVCPKG_CXX_FLAGS=" "-DVCPKG_CXX_FLAGS_RELEASE=" "-DVCPKG_CXX_FLAGS_DEBUG=" "-DVCPKG_C_FLAGS=" "-DVCPKG_C_FLAGS_RELEASE=" "-DVCPKG_C_FLAGS_DEBUG=" "-DVCPKG_CRT_LINKAGE=dynamic" "-DVCPKG_LINKER_FLAGS=" "-DVCPKG_LINKER_FLAGS_RELEASE=" "-DVCPKG_LINKER_FLAGS_DEBUG=" "-DVCPKG_TARGET_ARCHITECTURE=x64" "-DCMAKE_INSTALL_LIBDIR:STRING=lib" "-DCMAKE_INSTALL_BINDIR:STRING=bin" "-D_VCPKG_ROOT_DIR=C:/Program Files/Microsoft Visual Studio/18/Community/VC/vcpkg" "-D_VCPKG_INSTALLED_DIR=C:/Users/19697/Documents/KeygenSDK/KeygenSDK/build-vs/vcpkg_installed" "-DVCPKG_MANIFEST_INSTALL=OFF"
-- Using CMake version 4.3.2
-- curl version=[8.21.0]
-- The C compiler identification is MSVC 19.51.36256.0
-- Detecting C compiler ABI info
-- Detecting C compiler ABI info - done
-- Check for working C compiler: C:/Program Files/Microsoft Visual Studio/18/Community/VC/Tools/MSVC/14.51.36231/bin/Hostx64/x64/cl.exe - skipped
-- Detecting C compile features
-- Detecting C compile features - done
-- CMake platform flags: WIN32 MSVC-1951 VCPKG
-- Performing Test HAVE_WIN32_WINNT
-- Performing Test HAVE_WIN32_WINNT - Success
-- Found _WIN32_WINNT=0x0a00
-- Picky compiler options: -W4 -Wall -wd4061 -wd4191 -wd4255 -wd4464 -wd4548 -wd4574 -wd4668 -wd4710 -wd4711 -wd4746 -wd4820 -wd5045
CMake Warning at CMakeLists.txt:595 (message):
  Perl not found.  Cannot build manuals.


-- Found ZLIB: optimized;C:/Users/19697/Documents/KeygenSDK/KeygenSDK/build-vs/vcpkg_installed/x64-windows/lib/z.lib;debug;C:/Users/19697/Documents/KeygenSDK/KeygenSDK/build-vs/vcpkg_installed/x64-windows/debug/lib/zd.lib (found version "1.3.2")
-- Check size of time_t
-- Check size of time_t - done
-- Protocols: dict file ftp ftps gopher gophers http https imap imaps ipfs ipns mqtt mqtts pop3 pop3s rtsp smtp smtps telnet tftp
-- Features: alt-svc AsynchDNS HSTS HTTPS-proxy IPv6 Kerberos Largefile libz SPNEGO SSL SSPI threadsafe Unicode UnixSockets
-- Enabled SSL backends: Schannel
-- Configuring done (102.0s)
-- Generating done (14.1s)
CMake Warning:
  Manually-specified variables were not used by the project:

    FETCHCONTENT_FULLY_DISCONNECTED
    VCPKG_LOCK_FIND_PACKAGE_GSS
    VCPKG_LOCK_FIND_PACKAGE_LDAP
    VCPKG_LOCK_FIND_PACKAGE_Libidn2
    VCPKG_LOCK_FIND_PACKAGE_Libssh2
    VCPKG_LOCK_FIND_PACKAGE_NGHTTP2
    _VCPKG_ROOT_DIR


-- Build files have been written to: C:/Users/19697/Documents/KeygenSDK/KeygenSDK/build-vs/vcpkg_installed/vcpkg/blds/curl/x64-windows-dbg
